
Memory Configuration

Name             Origin             Length             Attributes
FLASH            0x08000000         0x00020000         xr
RAM              0x20000000         0x00002000         xrw
*default*        0x00000000         0xffffffff

Linker script and memory map

LOAD ./src/main.o
LOAD ./src/startup.o

.text           0x08000000      0x2f8
 FILL mask 0xff
                0x08000000                __vectors_start__ = ABSOLUTE (.)
 *(.isr_vector)
 .isr_vector    0x08000000      0x130 ./src/startup.o
                0x08000000                functionVectors
                0x08000130                . = ALIGN (0x4)
                0x08000130                __section_table_start = .
                0x08000130                __data_section_table = .
                0x08000130        0x4 LONG 0x800052c LOADADDR (.data)
                0x08000134        0x4 LONG 0x20000000 ADDR (.data)
                0x08000138        0x4 LONG 0x0 SIZEOF (.data)
                0x0800013c                __data_section_table_end = .
                0x0800013c                __bss_section_table = .
                0x0800013c        0x4 LONG 0x20000000 ADDR (.bss)
                0x08000140        0x4 LONG 0x0 SIZEOF (.bss)
                0x08000144                __bss_section_table_end = .
                0x08000144                __section_table_end = .
 *(.after_vectors*)
 .after_vectors
                0x08000144      0x1b4 ./src/startup.o
                0x08000144                data_init
                0x08000188                bss_init
                0x080001c0                reset_handler
                0x080002a8                nmi_handler
                0x080002b0                hardfault_handler
                0x080002b8                memmanage_handler
                0x080002c0                busfault_handler
                0x080002c8                usagefault_handler
                0x080002d0                svc_handler
                0x080002d8                debugmon_handler
                0x080002e0                pendsv_handler
                0x080002e8                systick_handler
                0x080002f0                tim7_irq_handler
                0x080002f0                exti15_10_irq_handler
                0x080002f0                tim4_irq_handler
                0x080002f0                uart5_irq_handler
                0x080002f0                i2c2_er_irq_handler
                0x080002f0                usart3_irq_handler
                0x080002f0                dma1_channel2_irq_handler
                0x080002f0                exti2_irq_handler
                0x080002f0                dma2_channel2_irq_handler
                0x080002f0                tim1_cc_irq_handler
                0x080002f0                dma2_channel1_irq_handler
                0x080002f0                adc1_irq_handler
                0x080002f0                i2c2_ev_irq_handler
                0x080002f0                tim6_dac_irq_handler
                0x080002f0                tim14_irq_handler
                0x080002f0                i2c1_ev_irq_handler
                0x080002f0                dma1_channel3_irq_handler
                0x080002f0                dam2_channel4_5_irq_handler
                0x080002f0                tim1_up_tim16_irq_handler
                0x080002f0                tim1_trg_com_tim17_irq_handler
                0x080002f0                dma1_channel7_irq_handler
                0x080002f0                dma1_channel5_irq_handler
                0x080002f0                int_default_handler
                0x080002f0                spi2_irq_handler
                0x080002f0                window_watchdog_irq_handler
                0x080002f0                exti1_irq_handler
                0x080002f0                exti0_irq_handler
                0x080002f0                i2c1_er_irq_handler
                0x080002f0                exti9_5_irq_handler
                0x080002f0                rtc_alarm_irq_handler
                0x080002f0                dma1_channel4_irq_handler
                0x080002f0                dma2_channel3_irq_handler
                0x080002f0                tim3_irq_handler
                0x080002f0                tamper_stamp_irq_handler
                0x080002f0                spi1_irq_handler
                0x080002f0                uart4_irq_handler
                0x080002f0                dma1_channel6_irq_handler
                0x080002f0                fsmc_irq_handler
                0x080002f0                exti4_irq_handler
                0x080002f0                rcc_irq_handler
                0x080002f0                cec_irq_handler
                0x080002f0                spi3_irq_handler
                0x080002f0                tim13_irq_handler
                0x080002f0                usart2_irq_handler
                0x080002f0                dma1_channel1_irq_handler
                0x080002f0                usart1_irq_handler
                0x080002f0                exti3_irq_handler
                0x080002f0                pvd_irq_handler
                0x080002f0                tim5_irq_handler
                0x080002f0                tim2_irq_handler
                0x080002f0                rtc_wakeup_irq_handler
                0x080002f0                tim1_brk_tim15_irq_handler
                0x080002f0                flash_irq_handler
                0x080002f0                tim12_irq_handler
 .text          0x080002f8        0x0 ./src/main.o
 .text          0x080002f8        0x0 ./src/startup.o

.glue_7         0x080002f8        0x0
 .glue_7        0x00000000        0x0 linker stubs

.glue_7t        0x080002f8        0x0
 .glue_7t       0x00000000        0x0 linker stubs

.vfp11_veneer   0x080002f8        0x0
 .vfp11_veneer  0x00000000        0x0 linker stubs

.v4_bx          0x080002f8        0x0
 .v4_bx         0x00000000        0x0 linker stubs

.text.main      0x080002f8       0xa8
 .text.main     0x080002f8       0xa8 ./src/main.o
                0x080002f8                main

.text.bitBanger
                0x080003a0       0x40
 .text.bitBanger
                0x080003a0       0x40 ./src/main.o
                0x080003a0                bitBanger

.text.generate_values
                0x080003e0       0x48
 .text.generate_values
                0x080003e0       0x48 ./src/main.o
                0x080003e0                generate_values

.text.concatenate_pixel
                0x08000428       0x50
 .text.concatenate_pixel
                0x08000428       0x50 ./src/main.o
                0x08000428                concatenate_pixel

.text.bb_1      0x08000478       0x60
 .text.bb_1     0x08000478       0x60 ./src/main.o
                0x08000478                bb_1

.text.bb_0      0x080004d8       0x54
 .text.bb_0     0x080004d8       0x54 ./src/main.o
                0x080004d8                bb_0

.iplt           0x0800052c        0x0
 .iplt          0x00000000        0x0 ./src/main.o

.rel.dyn        0x0800052c        0x0
 .rel.iplt      0x00000000        0x0 ./src/main.o

.ARM.extab
 *(.ARM.extab* .gnu.linkonce.armextab.*)
                0x0800052c                __exidx_start = .

.ARM.exidx
 *(.ARM.exidx* .gnu.linkonce.armexidx.*)
                0x0800052c                __exidx_end = .
                0x0800052c                __etext = .

.data           0x20000000        0x0 load address 0x0800052c
                0x20000000                __data_start__ = .
 *(vtable)
 *(.data*)
 .data          0x20000000        0x0 ./src/main.o
 .data          0x20000000        0x0 ./src/startup.o
                0x20000000                . = ALIGN (0x4)
                0x20000000                PROVIDE (__preinit_array_start, .)
 *(.preinit_array)
                0x20000000                PROVIDE (__preinit_array_end, .)
                0x20000000                . = ALIGN (0x4)
                0x20000000                PROVIDE (__init_array_start, .)
 *(SORT(.init_array.*))
 *(.init_array)
                0x20000000                PROVIDE (__init_array_end, .)
                0x20000000                . = ALIGN (0x4)
                0x20000000                PROVIDE (__fini_array_start, .)
 *(SORT(.fini_array.*))
 *(.fini_array)
                0x20000000                PROVIDE (__fini_array_end, .)
                0x20000000                . = ALIGN (0x4)
                0x20000000                __data_end__ = .

.igot.plt       0x20000000        0x0 load address 0x0800052c
 .igot.plt      0x00000000        0x0 ./src/main.o

.bss            0x20000000        0x0 load address 0x0800052c
                0x20000000                __bss_start__ = .
 *(.bss*)
 .bss           0x20000000        0x0 ./src/main.o
 .bss           0x20000000        0x0 ./src/startup.o
 *(COMMON)
                0x20000000                __bss_end__ = .

.heap           0x20000000        0x0
                0x20000000                __end__ = .
                0x20000000                end = __end__
 *(.heap*)
                0x20000000                __HeapLimit = .

.stack_dummy    0x20000000        0x0
 *(.stack*)
                0x20002000                __StackTop = (ORIGIN (RAM) + 0x2000)
                0x20002000                __StackLimit = (__StackTop - SIZEOF (.stack_dummy))
                0x20002000                PROVIDE (_vStackTop, __StackTop)
                0x00000001                ASSERT ((__StackLimit >= __HeapLimit), region RAM overflowed with stack)
OUTPUT(STM32F100.elf elf32-littlearm)

.debug_info     0x00000000      0x427
 .debug_info    0x00000000      0x1dc ./src/main.o
 .debug_info    0x000001dc      0x24b ./src/startup.o

.debug_abbrev   0x00000000      0x209
 .debug_abbrev  0x00000000      0x10e ./src/main.o
 .debug_abbrev  0x0000010e       0xfb ./src/startup.o

.debug_aranges  0x00000000       0xc8
 .debug_aranges
                0x00000000       0x48 ./src/main.o
 .debug_aranges
                0x00000048       0x80 ./src/startup.o

.debug_ranges   0x00000000       0xa8
 .debug_ranges  0x00000000       0x38 ./src/main.o
 .debug_ranges  0x00000038       0x70 ./src/startup.o

.debug_line     0x00000000      0x226
 .debug_line    0x00000000      0x132 ./src/main.o
 .debug_line    0x00000132       0xf4 ./src/startup.o

.debug_str      0x00000000      0x37e
 .debug_str     0x00000000      0x1f4 ./src/main.o
                                0x22d (size before relaxing)
 .debug_str     0x000001f4      0x18a ./src/startup.o
                                0x2b3 (size before relaxing)

.comment        0x00000000       0x70
 .comment       0x00000000       0x70 ./src/main.o
                                 0x71 (size before relaxing)
 .comment       0x00000000       0x71 ./src/startup.o

.ARM.attributes
                0x00000000       0x33
 .ARM.attributes
                0x00000000       0x33 ./src/main.o
 .ARM.attributes
                0x00000033       0x33 ./src/startup.o

.debug_frame    0x00000000      0x214
 .debug_frame   0x00000000       0xbc ./src/main.o
 .debug_frame   0x000000bc      0x158 ./src/startup.o
